curl -X GET 'https://api.notion.com/v1/blocks/12345678-1234-1234-1234-123456789012' \
 -H 'Authorization: Bearer secret_123' \
 -H 'Notion-Version: 2022-06-28' \
 -H 'Content-Type: application/json'
