curl -X PATCH 'https://api.notion.com/v1/blocks/9bc30ad4-9373-46a5-84ab-0a7845ee52e6' \
 -H 'Authorization: Bearer secret_123' \
 -H 'Notion-Version: 2022-06-28' \
 -H 'Content-Type: application/json' \
 -d '{
    "to_do": {
        "rich_text": [
            {
                "text": {
                    "content": "Lacinato kale"
                }
            }
        ],
        "checked": false
    }
}'
