curl -L -X PATCH 'https://api.notion.com/v1/databases/668d797c-76fa-4934-9b05-ad288df2d136' \
 -H 'Authorization: Bearer secret_123' \
 -H 'Notion-Version: 2022-06-28' \
 -H 'Content-Type: application/json' \
 -d '{
    "title": [
        {
            "text": {
                "content": "Today's grocery list"
            }
        }
    ],
    "description": [
        {
            "text": {
                "content": "Grocery list for just kale ðŸ¥¬"
            }
        }
    ],
    "properties": {
        "+1": null,
        "Photo": {
            "url": {}
        },
        "Store availability": {
            "multi_select": {
                "options": [
                    {
                        "name": "Duc Loi Market"
                    },
                    {
                        "name": "Rainbow Grocery"
                    },
                    {
                        "name": "Gus's Community Market"
                    },
                    {
                        "name": "The Good Life Grocery",
                        "color": "orange"
                    }
                ]
            }
        }
    }
}'
