curl -L -X POST 'https://api.notion.com/v1/databases/' \ 
 -H 'Authorization: Bearer secret_123' \ 
 -H 'Notion-Version: 2022-06-28' \ 
 -H 'Content-Type: application/json' \ 
 -d '{
    "filter": {
        "or": [
            {
                "property": "In stock",
                "checkbox": {
                    "equals": true
                }
            },
            {
                "property": "Cost of next trip",
                "number": {
                    "greater_than_or_equal_to": 2
                }
            }
        ]
    },
    "sorts": [
        {
            "property": "Last ordered",
            "direction": "ascending"
        }
    ]
}'
