curl -L -X GET 'https://api.notion.com/v1/databases/' \ 
 -H 'Authorization: Bearer secret_123' \ 
 -H 'Notion-Version: 2022-06-28'
