curl -X POST 'https://api.notion.com/v1/databases/897e5a76ae524b489fdfe71f5945d1af/query' \ 
 -H 'Authorization: Bearer secret_123' \ 
 -H 'Notion-Version: 2022-06-28' \ 
 -H 'Content-Type: application/json' \ 
 -d '{
    "filter": {
        "or": [
            {
                "property": "In stock",
                "checkbox": {
                    "equals": true
                }
            },
            {
                "property": "Cost of next trip",
                "number": {
                    "greater_than_or_equal_to": 2
                }
            }
        ]
    }
}'
