curl -X POST 'https://api.notion.com/v1/search' \
 -H 'Authorization: Bearer secret_123' \
 -H 'Notion-Version: 2022-06-28' \
 -H 'Content-Type: application/json' \
 -d '{
    "query": "External tasks",
    "filter": {
        "value": "database",
        "property": "object"
    },
    "sort": {
        "direction": "ascending",
        "timestamp": "last_edited_time"
    }
}'
